******************************************************************************
                  TI ARM Linker Unix v18.1.4                   
******************************************************************************
>> Linked Thu Mar 21 19:11:30 2019

OUTPUT FILE NAME:   <Node_2.out>
ENTRY POINT SYMBOL: "_c_int00_noargs"  address: 00003a0d


MEMORY CONFIGURATION

         name            origin    length      used     unused   attr    fill
----------------------  --------  ---------  --------  --------  ----  --------
  FLASH                 00000000   00040000  00004106  0003befa  R  X
  SRAM                  20000000   00008000  00000479  00007b87  RW X


SEGMENT ALLOCATION MAP

run origin  load origin   length   init length attrs members
----------  ----------- ---------- ----------- ----- -------
00000000    00000000    00004108   00004108    r-x
  00000000    00000000    0000026c   0000026c    r-- .intvecs
  0000026c    0000026c    00003812   00003812    r-x .text
  00003a80    00003a80    00000658   00000658    r-- .const
  000040d8    000040d8    00000030   00000030    r-- .cinit
20000000    20000000    0000047d   00000000    rw-
  20000000    20000000    0000026c   00000000    rw- .vtable
  20000270    20000270    00000200   00000000    rw- .stack
  20000470    20000470    0000000d   00000000    rw- .data


SECTION ALLOCATION MAP

 output                                  attributes/
section   page    origin      length       input sections
--------  ----  ----------  ----------   ----------------
.intvecs   0    00000000    0000026c     
                  00000000    0000026c     tm4c123gh6pm_startup_ccs.obj (.intvecs)

.text      0    0000026c    00003812     
                  0000026c    00000f80     sysctl.obj (.text)
                  000011ec    00000b94     gpio.obj (.text)
                  00001d80    00000a28     can.obj (.text)
                  000027a8    0000062e     uart.obj (.text)
                  00002dd6    00000002     rtsv7M4_T_le_v4SPD16_eabi.lib : div0.asm.obj (.text)
                  00002dd8    0000049c     uartstdio.obj (.text)
                  00003274    000003c0     interrupt.obj (.text)
                  00003634    00000210     main2.obj (.text)
                  00003844    0000009c     rtsv7M4_T_le_v4SPD16_eabi.lib : memcpy_t2.asm.obj (.text)
                  000038e0    00000068                                   : copy_decompress_lzss.c.obj (.text:decompress:lzss:__TI_decompress_lzss)
                  00003948    00000044                                   : autoinit.c.obj (.text:__TI_auto_init_nobinit_nopinit:__TI_auto_init_nobinit_nopinit)
                  0000398c    00000040                                   : u_divt2.asm.obj (.text)
                  000039cc    0000003e     cpu.obj (.text)
                  00003a0a    00000002     --HOLE-- [fill = 0]
                  00003a0c    00000038     rtsv7M4_T_le_v4SPD16_eabi.lib : boot_cortex_m.c.obj (.text:_c_int00_noargs:_c_int00_noargs)
                  00003a44    00000012                                   : copy_zero_init.c.obj (.text:decompress:ZI:__TI_zero_init_nomemset:__TI_zero_init_nomemset)
                  00003a56    0000000e                                   : copy_decompress_none.c.obj (.text:decompress:none:__TI_decompress_none)
                  00003a64    0000000c     tm4c123gh6pm_startup_ccs.obj (.text)
                  00003a70    00000006     sysctl.obj (.text:SysCtlDelay)
                  00003a76    00000004     rtsv7M4_T_le_v4SPD16_eabi.lib : pre_init.c.obj (.text:_system_pre_init)
                  00003a7a    00000004                                   : exit.c.obj (.text:abort:abort)

.const     0    00003a80    00000658     
                  00003a80    000001b0     sysctl.obj (.const:g_pppui32XTALtoVCO)
                  00003c30    000000d8     gpio.obj (.const:g_ppui32GPIOIntMapSnowflake)
                  00003d08    000000c0     gpio.obj (.const:g_ppui32GPIOIntMapBlizzard)
                  00003dc8    0000009c     interrupt.obj (.const:g_pui32Regs)
                  00003e64    00000090     gpio.obj (.const:g_pui32GPIOBaseAddrs)
                  00003ef4    0000006c     sysctl.obj (.const:g_pui32Xtals)
                  00003f60    00000040     uart.obj (.const:g_ppui32UARTIntMap)
                  00003fa0    00000040     uart.obj (.const:g_ppui32UARTIntMapSnowflake)
                  00003fe0    00000030     sysctl.obj (.const:g_sXTALtoMEMTIM)
                  00004010    00000020     interrupt.obj (.const:g_pui32Priority)
                  00004030    00000020     can.obj (.const:g_ui16CANBitValues)
                  00004050    00000014     interrupt.obj (.const:g_pui32Dii16Regs)
                  00004064    00000014     interrupt.obj (.const:g_pui32EnRegs)
                  00004078    00000014     interrupt.obj (.const:g_pui32PendRegs)
                  0000408c    00000014     interrupt.obj (.const:g_pui32UnpendRegs)
                  000040a0    00000012     uartstdio.obj (.const:.string)
                  000040b2    00000002     --HOLE-- [fill = 0]
                  000040b4    0000000c     uartstdio.obj (.const:g_ui32UARTBase)
                  000040c0    0000000c     uartstdio.obj (.const:g_ui32UARTPeriph)
                  000040cc    00000008     sysctl.obj (.const:g_pui32VCOFrequencies)
                  000040d4    00000004     uartstdio.obj (.const)

.cinit     0    000040d8    00000030     
                  000040d8    0000000c     (__TI_handler_table)
                  000040e4    00000004     --HOLE-- [fill = 0]
                  000040e8    00000008     (.cinit..vtable.load) [load image, compression = zero_init]
                  000040f0    00000007     (.cinit..data.load) [load image, compression = lzss]
                  000040f7    00000001     --HOLE-- [fill = 0]
                  000040f8    00000010     (__TI_cinit_table)

.init_array 
*          0    00000000    00000000     UNINITIALIZED

.vtable    0    20000000    0000026c     UNINITIALIZED
                  20000000    0000026c     interrupt.obj (.vtable)

.data      0    20000470    0000000d     UNINITIALIZED
                  20000470    00000007     main2.obj (.data)
                  20000477    00000001     --HOLE--
                  20000478    00000005     uartstdio.obj (.data)

.stack     0    20000270    00000200     UNINITIALIZED
                  20000270    00000004     rtsv7M4_T_le_v4SPD16_eabi.lib : boot_cortex_m.c.obj (.stack)
                  20000274    000001fc     --HOLE--

MODULE SUMMARY

       Module                         code    ro data   rw data
       ------                         ----    -------   -------
    ./
       tm4c123gh6pm_startup_ccs.obj   12      620       0      
       main2.obj                      528     0         7      
    +--+------------------------------+-------+---------+---------+
       Total:                         540     620       7      
                                                               
    ./driverlib/
       sysctl.obj                     3974    596       0      
       gpio.obj                       2964    552       0      
       can.obj                        2600    32        0      
       interrupt.obj                  960     268       620    
       uart.obj                       1582    128       0      
       cpu.obj                        62      0         0      
    +--+------------------------------+-------+---------+---------+
       Total:                         12142   1576      620    
                                                               
    ./utils/
       uartstdio.obj                  1180    46        5      
    +--+------------------------------+-------+---------+---------+
       Total:                         1180    46        5      
                                                               
    /home/mustafaismail/ti/ccsv8/tools/compiler/ti-cgt-arm_18.1.4.LTS/lib/rtsv7M4_T_le_v4SPD16_eabi.lib
       memcpy_t2.asm.obj              156     0         0      
       copy_decompress_lzss.c.obj     104     0         0      
       autoinit.c.obj                 68      0         0      
       u_divt2.asm.obj                64      0         0      
       boot_cortex_m.c.obj            56      0         0      
       copy_zero_init.c.obj           18      0         0      
       copy_decompress_none.c.obj     14      0         0      
       exit.c.obj                     4       0         0      
       pre_init.c.obj                 4       0         0      
       div0.asm.obj                   2       0         0      
    +--+------------------------------+-------+---------+---------+
       Total:                         490     0         0      
                                                               
       Stack:                         0       0         512    
       Linker Generated:              0       43        0      
    +--+------------------------------+-------+---------+---------+
       Grand Total:                   14352   2285      1144   


LINKER GENERATED COPY TABLES

__TI_cinit_table @ 000040f8 records: 2, size/record: 8, table size: 16
	.vtable: load addr=000040e8, load size=00000008 bytes, run addr=20000000, run size=0000026c bytes, compression=zero_init
	.data: load addr=000040f0, load size=00000007 bytes, run addr=20000470, run size=0000000d bytes, compression=lzss


LINKER GENERATED HANDLER TABLE

__TI_handler_table @ 000040d8 records: 3, size/record: 4, table size: 12
	index: 0, handler: __TI_zero_init
	index: 1, handler: __TI_decompress_lzss
	index: 2, handler: __TI_decompress_none


GLOBAL SYMBOLS: SORTED ALPHABETICALLY BY Name 

address   name                            
-------   ----                            
00003a7b  C$$EXIT                         
00001f91  CANBitRateSet                   
00001f29  CANBitTimingGet                 
0000205d  CANBitTimingSet                 
00001f15  CANDisable                      
00001f01  CANEnable                       
000022a7  CANErrCntrGet                   
00001e85  CANInit                         
00002199  CANIntClear                     
00002139  CANIntDisable                   
00002123  CANIntEnable                    
00003671  CANIntHandler                   
000020eb  CANIntRegister                  
0000214f  CANIntStatus                    
00002109  CANIntUnregister                
00002779  CANMessageClear                 
0000256f  CANMessageGet                   
000022dd  CANMessageSet                   
00002205  CANRetryGet                     
000021d3  CANRetrySet                     
00002221  CANStatusGet                    
000036cf  CAN_init                        
00003a01  CPUbasepriGet                   
000039f3  CPUbasepriSet                   
000039cd  CPUcpsid                        
000039e3  CPUcpsie                        
000039d9  CPUprimask                      
000039ef  CPUwfi                          
00001d59  GPIOADCTriggerDisable           
00001d3b  GPIOADCTriggerEnable            
00001d1d  GPIODMATriggerDisable           
00001cff  GPIODMATriggerEnable            
000012a7  GPIODirModeGet                  
0000124b  GPIODirModeSet                  
0000180f  GPIOIntClear                    
000017d3  GPIOIntDisable                  
000017b9  GPIOIntEnable                   
00001823  GPIOIntRegister                 
0000185b  GPIOIntRegisterPin              
000017ed  GPIOIntStatus                   
00001397  GPIOIntTypeGet                  
000012f3  GPIOIntTypeSet                  
00001841  GPIOIntUnregister               
00001889  GPIOIntUnregisterPin            
00001667  GPIOPadConfigGet                
0000142d  GPIOPadConfigSet                
00001ca1  GPIOPinConfigure                
000018ad  GPIOPinRead                     
000018e5  GPIOPinTypeADC                  
00001909  GPIOPinTypeCAN                  
0000192d  GPIOPinTypeComparator           
00001951  GPIOPinTypeComparatorOutput     
00001975  GPIOPinTypeDIVSCLK              
00001999  GPIOPinTypeEPI                  
000019bd  GPIOPinTypeEthernetLED          
000019e1  GPIOPinTypeEthernetMII          
00001a05  GPIOPinTypeGPIOInput            
00001a29  GPIOPinTypeGPIOOutput           
00001a4d  GPIOPinTypeGPIOOutputOD         
00001a71  GPIOPinTypeHibernateRTCCLK      
00001a95  GPIOPinTypeI2C                  
00001ab9  GPIOPinTypeI2CSCL               
00001add  GPIOPinTypeLCD                  
00001b01  GPIOPinTypeOneWire              
00001b25  GPIOPinTypePWM                  
00001b49  GPIOPinTypeQEI                  
00001b6d  GPIOPinTypeSSI                  
00001b91  GPIOPinTypeTimer                
00001bb5  GPIOPinTypeTrace                
00001bd9  GPIOPinTypeUART                 
00001bfd  GPIOPinTypeUSBAnalog            
00001c21  GPIOPinTypeUSBDigital           
00001c45  GPIOPinTypeWakeHigh             
00001c6b  GPIOPinTypeWakeLow              
00001c91  GPIOPinWakeStatus               
000018c5  GPIOPinWrite                    
00003635  InitConsole                     
00003435  IntDisable                      
000033c3  IntEnable                       
000034a7  IntIsEnabled                    
00003287  IntMasterDisable                
00003277  IntMasterEnable                 
0000359d  IntPendClear                    
0000352d  IntPendSet                      
0000339f  IntPriorityGet                  
00003317  IntPriorityGroupingGet          
000032fd  IntPriorityGroupingSet          
000035f7  IntPriorityMaskGet              
000035eb  IntPriorityMaskSet              
0000334f  IntPrioritySet                  
00003297  IntRegister                     
000035ff  IntTrigger                      
000032e9  IntUnregister                   
00003a65  ResetISR                        
0000371b  SimpleDelay                     
000011a9  SysCtlAltClkConfig              
000008d1  SysCtlClockFreqSet              
00000d99  SysCtlClockGet                  
0000118d  SysCtlClockOutConfig            
00000bc9  SysCtlClockSet                  
000007d5  SysCtlDeepSleep                 
00000f5d  SysCtlDeepSleepClockConfigSet   
00000f3f  SysCtlDeepSleepClockSet         
000007b5  SysCtlDeepSleepPowerSet         
00003a71  SysCtlDelay                     
00000363  SysCtlFlashSectorSizeGet        
00000337  SysCtlFlashSizeGet              
00001033  SysCtlGPIOAHBDisable            
00001017  SysCtlGPIOAHBEnable             
00000749  SysCtlIntClear                  
00000731  SysCtlIntDisable                
0000071d  SysCtlIntEnable                 
000006f5  SysCtlIntRegister               
00000759  SysCtlIntStatus                 
0000070d  SysCtlIntUnregister             
0000079b  SysCtlLDODeepSleepGet           
0000078b  SysCtlLDODeepSleepSet           
00000785  SysCtlLDOSleepGet               
00000775  SysCtlLDOSleepSet               
0000080b  SysCtlMOSCConfigSet             
00001171  SysCtlNMIClear                  
0000115d  SysCtlNMIStatus                 
00000821  SysCtlPIOSCCalibrate            
00001001  SysCtlPWMClockGet               
00000fe7  SysCtlPWMClockSet               
000006a1  SysCtlPeripheralClockGating     
00000659  SysCtlPeripheralDeepSleepDisable
00000609  SysCtlPeripheralDeepSleepEnable 
00000545  SysCtlPeripheralDisable         
00000509  SysCtlPeripheralEnable          
00000445  SysCtlPeripheralPowerOff        
00000409  SysCtlPeripheralPowerOn         
00000389  SysCtlPeripheralPresent         
000003c9  SysCtlPeripheralReady           
00000481  SysCtlPeripheralReset           
000005cd  SysCtlPeripheralSleepDisable    
00000589  SysCtlPeripheralSleepEnable     
000007c5  SysCtlReset                     
00000881  SysCtlResetBehaviorGet          
00000871  SysCtlResetBehaviorSet          
000007f7  SysCtlResetCauseClear           
000007f1  SysCtlResetCauseGet             
0000032d  SysCtlSRAMSizeGet               
000007cd  SysCtlSleep                     
000007a1  SysCtlSleepPowerSet             
0000105b  SysCtlUSBPLLDisable             
0000104f  SysCtlUSBPLLEnable              
000010a1  SysCtlVCOGet                    
00001089  SysCtlVoltageEventClear         
0000106d  SysCtlVoltageEventConfig        
0000107d  SysCtlVoltageEventStatus        
00002d79  UART9BitAddrSend                
00002d53  UART9BitAddrSet                 
00002d3d  UART9BitDisable                 
00002d27  UART9BitEnable                  
00002bcb  UARTBreakCtl                    
00002bf5  UARTBusy                        
00002b73  UARTCharGet                     
00002b57  UARTCharGetNonBlocking          
00002bad  UARTCharPut                     
00002b89  UARTCharPutNonBlocking          
00002b1b  UARTCharsAvail                  
00002d17  UARTClockSourceGet              
00002d03  UARTClockSourceSet              
000028eb  UARTConfigGetExpClk             
00002875  UARTConfigSetExpClk             
00002cc9  UARTDMADisable                  
00002cb1  UARTDMAEnable                   
0000295b  UARTDisable                     
000029df  UARTDisableSIR                  
00002937  UARTEnable                      
000029b1  UARTEnableSIR                   
0000299b  UARTFIFODisable                 
00002985  UARTFIFOEnable                  
0000284d  UARTFIFOLevelGet                
00002835  UARTFIFOLevelSet                
00002adb  UARTFlowControlGet              
00002abf  UARTFlowControlSet              
00002c9f  UARTIntClear                    
00002c69  UARTIntDisable                  
00002c51  UARTIntEnable                   
00002c13  UARTIntRegister                 
00002c81  UARTIntStatus                   
00002c31  UARTIntUnregister               
00002dc1  UARTLoopbackEnable              
00002a75  UARTModemControlClear           
00002a99  UARTModemControlGet             
00002a3d  UARTModemControlSet             
00002aab  UARTModemStatusGet              
00002823  UARTParityModeGet               
00002807  UARTParityModeSet               
00002cf3  UARTRxErrorClear                
00002ce1  UARTRxErrorGet                  
00002a27  UARTSmartCardDisable            
000029f5  UARTSmartCardEnable             
00002b39  UARTSpaceAvail                  
00002dd9  UARTStdioConfig                 
00002b09  UARTTxIntModeGet                
00002aed  UARTTxIntModeSet                
00002f1f  UARTgetc                        
00002e65  UARTgets                        
0000323f  UARTprintf                      
00002f45  UARTvprintf                     
00002e1f  UARTwrite                       
20000470  __STACK_END                     
00000200  __STACK_SIZE                    
20000470  __STACK_TOP                     
000040f8  __TI_CINIT_Base                 
00004108  __TI_CINIT_Limit                
000040d8  __TI_Handler_Table_Base         
000040e4  __TI_Handler_Table_Limit        
00003949  __TI_auto_init_nobinit_nopinit  
000038e1  __TI_decompress_lzss            
00003a57  __TI_decompress_none            
ffffffff  __TI_pprof_out_hndl             
ffffffff  __TI_prof_data_size             
ffffffff  __TI_prof_data_start            
00000000  __TI_static_base__              
00003a45  __TI_zero_init_nomemset         
00002dd7  __aeabi_idiv0                   
00002dd7  __aeabi_ldiv0                   
00003845  __aeabi_memcpy                  
00003845  __aeabi_memcpy4                 
00003845  __aeabi_memcpy8                 
0000398d  __aeabi_uidiv                   
0000398d  __aeabi_uidivmod                
ffffffff  __binit__                       
ffffffff  __c_args__                      
UNDEFED   __mpu_init                      
20000270  __stack                         
00003a0d  _c_int00_noargs                 
UNDEFED   _system_post_cinit              
00003a77  _system_pre_init                
00003a7b  abort                           
ffffffff  binit                           
20000476  g_bErrFlag                      
20000474  g_bRXFlag                       
20000475  g_bTXFlag                       
20000000  g_pfnRAMVectors                 
00000000  g_pfnVectors                    
20000470  g_ui32MsgCount                  
00003757  main                            
00003845  memcpy                          
00003725  portF_init                      


GLOBAL SYMBOLS: SORTED BY Symbol Address 

address   name                            
-------   ----                            
00000000  __TI_static_base__              
00000000  g_pfnVectors                    
00000200  __STACK_SIZE                    
0000032d  SysCtlSRAMSizeGet               
00000337  SysCtlFlashSizeGet              
00000363  SysCtlFlashSectorSizeGet        
00000389  SysCtlPeripheralPresent         
000003c9  SysCtlPeripheralReady           
00000409  SysCtlPeripheralPowerOn         
00000445  SysCtlPeripheralPowerOff        
00000481  SysCtlPeripheralReset           
00000509  SysCtlPeripheralEnable          
00000545  SysCtlPeripheralDisable         
00000589  SysCtlPeripheralSleepEnable     
000005cd  SysCtlPeripheralSleepDisable    
00000609  SysCtlPeripheralDeepSleepEnable 
00000659  SysCtlPeripheralDeepSleepDisable
000006a1  SysCtlPeripheralClockGating     
000006f5  SysCtlIntRegister               
0000070d  SysCtlIntUnregister             
0000071d  SysCtlIntEnable                 
00000731  SysCtlIntDisable                
00000749  SysCtlIntClear                  
00000759  SysCtlIntStatus                 
00000775  SysCtlLDOSleepSet               
00000785  SysCtlLDOSleepGet               
0000078b  SysCtlLDODeepSleepSet           
0000079b  SysCtlLDODeepSleepGet           
000007a1  SysCtlSleepPowerSet             
000007b5  SysCtlDeepSleepPowerSet         
000007c5  SysCtlReset                     
000007cd  SysCtlSleep                     
000007d5  SysCtlDeepSleep                 
000007f1  SysCtlResetCauseGet             
000007f7  SysCtlResetCauseClear           
0000080b  SysCtlMOSCConfigSet             
00000821  SysCtlPIOSCCalibrate            
00000871  SysCtlResetBehaviorSet          
00000881  SysCtlResetBehaviorGet          
000008d1  SysCtlClockFreqSet              
00000bc9  SysCtlClockSet                  
00000d99  SysCtlClockGet                  
00000f3f  SysCtlDeepSleepClockSet         
00000f5d  SysCtlDeepSleepClockConfigSet   
00000fe7  SysCtlPWMClockSet               
00001001  SysCtlPWMClockGet               
00001017  SysCtlGPIOAHBEnable             
00001033  SysCtlGPIOAHBDisable            
0000104f  SysCtlUSBPLLEnable              
0000105b  SysCtlUSBPLLDisable             
0000106d  SysCtlVoltageEventConfig        
0000107d  SysCtlVoltageEventStatus        
00001089  SysCtlVoltageEventClear         
000010a1  SysCtlVCOGet                    
0000115d  SysCtlNMIStatus                 
00001171  SysCtlNMIClear                  
0000118d  SysCtlClockOutConfig            
000011a9  SysCtlAltClkConfig              
0000124b  GPIODirModeSet                  
000012a7  GPIODirModeGet                  
000012f3  GPIOIntTypeSet                  
00001397  GPIOIntTypeGet                  
0000142d  GPIOPadConfigSet                
00001667  GPIOPadConfigGet                
000017b9  GPIOIntEnable                   
000017d3  GPIOIntDisable                  
000017ed  GPIOIntStatus                   
0000180f  GPIOIntClear                    
00001823  GPIOIntRegister                 
00001841  GPIOIntUnregister               
0000185b  GPIOIntRegisterPin              
00001889  GPIOIntUnregisterPin            
000018ad  GPIOPinRead                     
000018c5  GPIOPinWrite                    
000018e5  GPIOPinTypeADC                  
00001909  GPIOPinTypeCAN                  
0000192d  GPIOPinTypeComparator           
00001951  GPIOPinTypeComparatorOutput     
00001975  GPIOPinTypeDIVSCLK              
00001999  GPIOPinTypeEPI                  
000019bd  GPIOPinTypeEthernetLED          
000019e1  GPIOPinTypeEthernetMII          
00001a05  GPIOPinTypeGPIOInput            
00001a29  GPIOPinTypeGPIOOutput           
00001a4d  GPIOPinTypeGPIOOutputOD         
00001a71  GPIOPinTypeHibernateRTCCLK      
00001a95  GPIOPinTypeI2C                  
00001ab9  GPIOPinTypeI2CSCL               
00001add  GPIOPinTypeLCD                  
00001b01  GPIOPinTypeOneWire              
00001b25  GPIOPinTypePWM                  
00001b49  GPIOPinTypeQEI                  
00001b6d  GPIOPinTypeSSI                  
00001b91  GPIOPinTypeTimer                
00001bb5  GPIOPinTypeTrace                
00001bd9  GPIOPinTypeUART                 
00001bfd  GPIOPinTypeUSBAnalog            
00001c21  GPIOPinTypeUSBDigital           
00001c45  GPIOPinTypeWakeHigh             
00001c6b  GPIOPinTypeWakeLow              
00001c91  GPIOPinWakeStatus               
00001ca1  GPIOPinConfigure                
00001cff  GPIODMATriggerEnable            
00001d1d  GPIODMATriggerDisable           
00001d3b  GPIOADCTriggerEnable            
00001d59  GPIOADCTriggerDisable           
00001e85  CANInit                         
00001f01  CANEnable                       
00001f15  CANDisable                      
00001f29  CANBitTimingGet                 
00001f91  CANBitRateSet                   
0000205d  CANBitTimingSet                 
000020eb  CANIntRegister                  
00002109  CANIntUnregister                
00002123  CANIntEnable                    
00002139  CANIntDisable                   
0000214f  CANIntStatus                    
00002199  CANIntClear                     
000021d3  CANRetrySet                     
00002205  CANRetryGet                     
00002221  CANStatusGet                    
000022a7  CANErrCntrGet                   
000022dd  CANMessageSet                   
0000256f  CANMessageGet                   
00002779  CANMessageClear                 
00002807  UARTParityModeSet               
00002823  UARTParityModeGet               
00002835  UARTFIFOLevelSet                
0000284d  UARTFIFOLevelGet                
00002875  UARTConfigSetExpClk             
000028eb  UARTConfigGetExpClk             
00002937  UARTEnable                      
0000295b  UARTDisable                     
00002985  UARTFIFOEnable                  
0000299b  UARTFIFODisable                 
000029b1  UARTEnableSIR                   
000029df  UARTDisableSIR                  
000029f5  UARTSmartCardEnable             
00002a27  UARTSmartCardDisable            
00002a3d  UARTModemControlSet             
00002a75  UARTModemControlClear           
00002a99  UARTModemControlGet             
00002aab  UARTModemStatusGet              
00002abf  UARTFlowControlSet              
00002adb  UARTFlowControlGet              
00002aed  UARTTxIntModeSet                
00002b09  UARTTxIntModeGet                
00002b1b  UARTCharsAvail                  
00002b39  UARTSpaceAvail                  
00002b57  UARTCharGetNonBlocking          
00002b73  UARTCharGet                     
00002b89  UARTCharPutNonBlocking          
00002bad  UARTCharPut                     
00002bcb  UARTBreakCtl                    
00002bf5  UARTBusy                        
00002c13  UARTIntRegister                 
00002c31  UARTIntUnregister               
00002c51  UARTIntEnable                   
00002c69  UARTIntDisable                  
00002c81  UARTIntStatus                   
00002c9f  UARTIntClear                    
00002cb1  UARTDMAEnable                   
00002cc9  UARTDMADisable                  
00002ce1  UARTRxErrorGet                  
00002cf3  UARTRxErrorClear                
00002d03  UARTClockSourceSet              
00002d17  UARTClockSourceGet              
00002d27  UART9BitEnable                  
00002d3d  UART9BitDisable                 
00002d53  UART9BitAddrSet                 
00002d79  UART9BitAddrSend                
00002dc1  UARTLoopbackEnable              
00002dd7  __aeabi_idiv0                   
00002dd7  __aeabi_ldiv0                   
00002dd9  UARTStdioConfig                 
00002e1f  UARTwrite                       
00002e65  UARTgets                        
00002f1f  UARTgetc                        
00002f45  UARTvprintf                     
0000323f  UARTprintf                      
00003277  IntMasterEnable                 
00003287  IntMasterDisable                
00003297  IntRegister                     
000032e9  IntUnregister                   
000032fd  IntPriorityGroupingSet          
00003317  IntPriorityGroupingGet          
0000334f  IntPrioritySet                  
0000339f  IntPriorityGet                  
000033c3  IntEnable                       
00003435  IntDisable                      
000034a7  IntIsEnabled                    
0000352d  IntPendSet                      
0000359d  IntPendClear                    
000035eb  IntPriorityMaskSet              
000035f7  IntPriorityMaskGet              
000035ff  IntTrigger                      
00003635  InitConsole                     
00003671  CANIntHandler                   
000036cf  CAN_init                        
0000371b  SimpleDelay                     
00003725  portF_init                      
00003757  main                            
00003845  __aeabi_memcpy                  
00003845  __aeabi_memcpy4                 
00003845  __aeabi_memcpy8                 
00003845  memcpy                          
000038e1  __TI_decompress_lzss            
00003949  __TI_auto_init_nobinit_nopinit  
0000398d  __aeabi_uidiv                   
0000398d  __aeabi_uidivmod                
000039cd  CPUcpsid                        
000039d9  CPUprimask                      
000039e3  CPUcpsie                        
000039ef  CPUwfi                          
000039f3  CPUbasepriSet                   
00003a01  CPUbasepriGet                   
00003a0d  _c_int00_noargs                 
00003a45  __TI_zero_init_nomemset         
00003a57  __TI_decompress_none            
00003a65  ResetISR                        
00003a71  SysCtlDelay                     
00003a77  _system_pre_init                
00003a7b  C$$EXIT                         
00003a7b  abort                           
000040d8  __TI_Handler_Table_Base         
000040e4  __TI_Handler_Table_Limit        
000040f8  __TI_CINIT_Base                 
00004108  __TI_CINIT_Limit                
20000000  g_pfnRAMVectors                 
20000270  __stack                         
20000470  __STACK_END                     
20000470  __STACK_TOP                     
20000470  g_ui32MsgCount                  
20000474  g_bRXFlag                       
20000475  g_bTXFlag                       
20000476  g_bErrFlag                      
ffffffff  __TI_pprof_out_hndl             
ffffffff  __TI_prof_data_size             
ffffffff  __TI_prof_data_start            
ffffffff  __binit__                       
ffffffff  __c_args__                      
ffffffff  binit                           
UNDEFED   __mpu_init                      
UNDEFED   _system_post_cinit              

[244 symbols]
